I'm sorry, but errors were detected in your script. Please correct the
errors listed below, and try again.


File "game/screens.rpy", line 296: u'duck' is not a keyword argument or valid child for the imagebutton statement.
    imagebutton duck:
                    ^

Ren'Py Version: Ren'Py 7.3.2.320
Mon Aug 19 21:09:40 2019
